Archive member included to satisfy reference by file (symbol)

c:/program files (x86)/gnu tools arm embedded/5.4 2016q2/bin/../lib/gcc/arm-none-eabi/5.4.1/../../../../arm-none-eabi/lib/armv7-m\libc.a(lib_a-exit.o)
                              c:/program files (x86)/gnu tools arm embedded/5.4 2016q2/bin/../lib/gcc/arm-none-eabi/5.4.1/../../../../arm-none-eabi/lib/armv7-m/crt0.o (exit)
c:/program files (x86)/gnu tools arm embedded/5.4 2016q2/bin/../lib/gcc/arm-none-eabi/5.4.1/../../../../arm-none-eabi/lib/armv7-m\libc.a(lib_a-impure.o)
                              c:/program files (x86)/gnu tools arm embedded/5.4 2016q2/bin/../lib/gcc/arm-none-eabi/5.4.1/../../../../arm-none-eabi/lib/armv7-m\libc.a(lib_a-exit.o) (_global_impure_ptr)
c:/program files (x86)/gnu tools arm embedded/5.4 2016q2/bin/../lib/gcc/arm-none-eabi/5.4.1/../../../../arm-none-eabi/lib/armv7-m\libc.a(lib_a-init.o)
                              c:/program files (x86)/gnu tools arm embedded/5.4 2016q2/bin/../lib/gcc/arm-none-eabi/5.4.1/../../../../arm-none-eabi/lib/armv7-m/crt0.o (__libc_init_array)
c:/program files (x86)/gnu tools arm embedded/5.4 2016q2/bin/../lib/gcc/arm-none-eabi/5.4.1/../../../../arm-none-eabi/lib/armv7-m\libc.a(lib_a-memset.o)
                              c:/program files (x86)/gnu tools arm embedded/5.4 2016q2/bin/../lib/gcc/arm-none-eabi/5.4.1/../../../../arm-none-eabi/lib/armv7-m/crt0.o (memset)
c:/program files (x86)/gnu tools arm embedded/5.4 2016q2/bin/../lib/gcc/arm-none-eabi/5.4.1/../../../../arm-none-eabi/lib/armv7-m\libc.a(lib_a-__call_atexit.o)
                              c:/program files (x86)/gnu tools arm embedded/5.4 2016q2/bin/../lib/gcc/arm-none-eabi/5.4.1/../../../../arm-none-eabi/lib/armv7-m\libc.a(lib_a-exit.o) (__call_exitprocs)
c:/program files (x86)/gnu tools arm embedded/5.4 2016q2/bin/../lib/gcc/arm-none-eabi/5.4.1/../../../../arm-none-eabi/lib/armv7-m\libc.a(lib_a-atexit.o)
                              c:/program files (x86)/gnu tools arm embedded/5.4 2016q2/bin/../lib/gcc/arm-none-eabi/5.4.1/../../../../arm-none-eabi/lib/armv7-m\libc.a(lib_a-__call_atexit.o) (atexit)
c:/program files (x86)/gnu tools arm embedded/5.4 2016q2/bin/../lib/gcc/arm-none-eabi/5.4.1/../../../../arm-none-eabi/lib/armv7-m\libc.a(lib_a-fini.o)
                              c:/program files (x86)/gnu tools arm embedded/5.4 2016q2/bin/../lib/gcc/arm-none-eabi/5.4.1/../../../../arm-none-eabi/lib/armv7-m\libc.a(lib_a-__call_atexit.o) (__libc_fini_array)
c:/program files (x86)/gnu tools arm embedded/5.4 2016q2/bin/../lib/gcc/arm-none-eabi/5.4.1/../../../../arm-none-eabi/lib/armv7-m\libc.a(lib_a-__atexit.o)
                              c:/program files (x86)/gnu tools arm embedded/5.4 2016q2/bin/../lib/gcc/arm-none-eabi/5.4.1/../../../../arm-none-eabi/lib/armv7-m\libc.a(lib_a-atexit.o) (__register_exitproc)
c:/program files (x86)/gnu tools arm embedded/5.4 2016q2/bin/../lib/gcc/arm-none-eabi/5.4.1/../../../../arm-none-eabi/lib/armv7-m\libg.a(lib_a-strlen-stub.o)
                              ..\obj\lcd.o (strlen)

Allocating common symbols
Common symbol       size              file

hi2c1               0x3c              ..\obj\main.o
pFlash              0x20              ..\obj\stm32f1xx_hal_flash.o

Discarded input sections

 .text          0x00000000        0x0 c:/program files (x86)/gnu tools arm embedded/5.4 2016q2/bin/../lib/gcc/arm-none-eabi/5.4.1/armv7-m/crti.o
 .data          0x00000000        0x0 c:/program files (x86)/gnu tools arm embedded/5.4 2016q2/bin/../lib/gcc/arm-none-eabi/5.4.1/armv7-m/crti.o
 .bss           0x00000000        0x0 c:/program files (x86)/gnu tools arm embedded/5.4 2016q2/bin/../lib/gcc/arm-none-eabi/5.4.1/armv7-m/crti.o
 .data          0x00000000        0x4 c:/program files (x86)/gnu tools arm embedded/5.4 2016q2/bin/../lib/gcc/arm-none-eabi/5.4.1/armv7-m/crtbegin.o
 .text          0x00000000       0x74 c:/program files (x86)/gnu tools arm embedded/5.4 2016q2/bin/../lib/gcc/arm-none-eabi/5.4.1/../../../../arm-none-eabi/lib/armv7-m/crt0.o
 .data          0x00000000        0x0 c:/program files (x86)/gnu tools arm embedded/5.4 2016q2/bin/../lib/gcc/arm-none-eabi/5.4.1/../../../../arm-none-eabi/lib/armv7-m/crt0.o
 .bss           0x00000000        0x0 c:/program files (x86)/gnu tools arm embedded/5.4 2016q2/bin/../lib/gcc/arm-none-eabi/5.4.1/../../../../arm-none-eabi/lib/armv7-m/crt0.o
 .ARM.extab     0x00000000        0x0 c:/program files (x86)/gnu tools arm embedded/5.4 2016q2/bin/../lib/gcc/arm-none-eabi/5.4.1/../../../../arm-none-eabi/lib/armv7-m/crt0.o
 .ARM.exidx     0x00000000        0x8 c:/program files (x86)/gnu tools arm embedded/5.4 2016q2/bin/../lib/gcc/arm-none-eabi/5.4.1/../../../../arm-none-eabi/lib/armv7-m/crt0.o
 .ARM.attributes
                0x00000000       0x1b c:/program files (x86)/gnu tools arm embedded/5.4 2016q2/bin/../lib/gcc/arm-none-eabi/5.4.1/../../../../arm-none-eabi/lib/armv7-m/crt0.o
 .text          0x00000000        0x0 c:/program files (x86)/gnu tools arm embedded/5.4 2016q2/bin/../lib/gcc/arm-none-eabi/5.4.1/../../../../arm-none-eabi/lib/armv7-m\libc.a(lib_a-exit.o)
 .data          0x00000000        0x0 c:/program files (x86)/gnu tools arm embedded/5.4 2016q2/bin/../lib/gcc/arm-none-eabi/5.4.1/../../../../arm-none-eabi/lib/armv7-m\libc.a(lib_a-exit.o)
 .bss           0x00000000        0x0 c:/program files (x86)/gnu tools arm embedded/5.4 2016q2/bin/../lib/gcc/arm-none-eabi/5.4.1/../../../../arm-none-eabi/lib/armv7-m\libc.a(lib_a-exit.o)
 .text.exit     0x00000000       0x20 c:/program files (x86)/gnu tools arm embedded/5.4 2016q2/bin/../lib/gcc/arm-none-eabi/5.4.1/../../../../arm-none-eabi/lib/armv7-m\libc.a(lib_a-exit.o)
 .debug_frame   0x00000000       0x28 c:/program files (x86)/gnu tools arm embedded/5.4 2016q2/bin/../lib/gcc/arm-none-eabi/5.4.1/../../../../arm-none-eabi/lib/armv7-m\libc.a(lib_a-exit.o)
 .ARM.attributes
                0x00000000       0x2d c:/program files (x86)/gnu tools arm embedded/5.4 2016q2/bin/../lib/gcc/arm-none-eabi/5.4.1/../../../../arm-none-eabi/lib/armv7-m\libc.a(lib_a-exit.o)
 .text          0x00000000        0x0 c:/program files (x86)/gnu tools arm embedded/5.4 2016q2/bin/../lib/gcc/arm-none-eabi/5.4.1/../../../../arm-none-eabi/lib/armv7-m\libc.a(lib_a-impure.o)
 .data          0x00000000        0x0 c:/program files (x86)/gnu tools arm embedded/5.4 2016q2/bin/../lib/gcc/arm-none-eabi/5.4.1/../../../../arm-none-eabi/lib/armv7-m\libc.a(lib_a-impure.o)
 .bss           0x00000000        0x0 c:/program files (x86)/gnu tools arm embedded/5.4 2016q2/bin/../lib/gcc/arm-none-eabi/5.4.1/../../../../arm-none-eabi/lib/armv7-m\libc.a(lib_a-impure.o)
 .data._impure_ptr
                0x00000000        0x4 c:/program files (x86)/gnu tools arm embedded/5.4 2016q2/bin/../lib/gcc/arm-none-eabi/5.4.1/../../../../arm-none-eabi/lib/armv7-m\libc.a(lib_a-impure.o)
 .ARM.attributes
                0x00000000       0x2d c:/program files (x86)/gnu tools arm embedded/5.4 2016q2/bin/../lib/gcc/arm-none-eabi/5.4.1/../../../../arm-none-eabi/lib/armv7-m\libc.a(lib_a-impure.o)
 .text          0x00000000        0x0 c:/program files (x86)/gnu tools arm embedded/5.4 2016q2/bin/../lib/gcc/arm-none-eabi/5.4.1/../../../../arm-none-eabi/lib/armv7-m\libc.a(lib_a-init.o)
 .data          0x00000000        0x0 c:/program files (x86)/gnu tools arm embedded/5.4 2016q2/bin/../lib/gcc/arm-none-eabi/5.4.1/../../../../arm-none-eabi/lib/armv7-m\libc.a(lib_a-init.o)
 .bss           0x00000000        0x0 c:/program files (x86)/gnu tools arm embedded/5.4 2016q2/bin/../lib/gcc/arm-none-eabi/5.4.1/../../../../arm-none-eabi/lib/armv7-m\libc.a(lib_a-init.o)
 .debug_frame   0x00000000       0x2c c:/program files (x86)/gnu tools arm embedded/5.4 2016q2/bin/../lib/gcc/arm-none-eabi/5.4.1/../../../../arm-none-eabi/lib/armv7-m\libc.a(lib_a-init.o)
 .ARM.attributes
                0x00000000       0x2d c:/program files (x86)/gnu tools arm embedded/5.4 2016q2/bin/../lib/gcc/arm-none-eabi/5.4.1/../../../../arm-none-eabi/lib/armv7-m\libc.a(lib_a-init.o)
 .text          0x00000000        0x0 c:/program files (x86)/gnu tools arm embedded/5.4 2016q2/bin/../lib/gcc/arm-none-eabi/5.4.1/../../../../arm-none-eabi/lib/armv7-m\libc.a(lib_a-memset.o)
 .data          0x00000000        0x0 c:/program files (x86)/gnu tools arm embedded/5.4 2016q2/bin/../lib/gcc/arm-none-eabi/5.4.1/../../../../arm-none-eabi/lib/armv7-m\libc.a(lib_a-memset.o)
 .bss           0x00000000        0x0 c:/program files (x86)/gnu tools arm embedded/5.4 2016q2/bin/../lib/gcc/arm-none-eabi/5.4.1/../../../../arm-none-eabi/lib/armv7-m\libc.a(lib_a-memset.o)
 .text.memset   0x00000000       0x9c c:/program files (x86)/gnu tools arm embedded/5.4 2016q2/bin/../lib/gcc/arm-none-eabi/5.4.1/../../../../arm-none-eabi/lib/armv7-m\libc.a(lib_a-memset.o)
 .debug_frame   0x00000000       0x34 c:/program files (x86)/gnu tools arm embedded/5.4 2016q2/bin/../lib/gcc/arm-none-eabi/5.4.1/../../../../arm-none-eabi/lib/armv7-m\libc.a(lib_a-memset.o)
 .ARM.attributes
                0x00000000       0x2d c:/program files (x86)/gnu tools arm embedded/5.4 2016q2/bin/../lib/gcc/arm-none-eabi/5.4.1/../../../../arm-none-eabi/lib/armv7-m\libc.a(lib_a-memset.o)
 .text          0x00000000        0x0 c:/program files (x86)/gnu tools arm embedded/5.4 2016q2/bin/../lib/gcc/arm-none-eabi/5.4.1/../../../../arm-none-eabi/lib/armv7-m\libc.a(lib_a-__call_atexit.o)
 .data          0x00000000        0x0 c:/program files (x86)/gnu tools arm embedded/5.4 2016q2/bin/../lib/gcc/arm-none-eabi/5.4.1/../../../../arm-none-eabi/lib/armv7-m\libc.a(lib_a-__call_atexit.o)
 .bss           0x00000000        0x0 c:/program files (x86)/gnu tools arm embedded/5.4 2016q2/bin/../lib/gcc/arm-none-eabi/5.4.1/../../../../arm-none-eabi/lib/armv7-m\libc.a(lib_a-__call_atexit.o)
 .text.__call_exitprocs
                0x00000000       0xd8 c:/program files (x86)/gnu tools arm embedded/5.4 2016q2/bin/../lib/gcc/arm-none-eabi/5.4.1/../../../../arm-none-eabi/lib/armv7-m\libc.a(lib_a-__call_atexit.o)
 .debug_frame   0x00000000       0x50 c:/program files (x86)/gnu tools arm embedded/5.4 2016q2/bin/../lib/gcc/arm-none-eabi/5.4.1/../../../../arm-none-eabi/lib/armv7-m\libc.a(lib_a-__call_atexit.o)
 .ARM.attributes
                0x00000000       0x2d c:/program files (x86)/gnu tools arm embedded/5.4 2016q2/bin/../lib/gcc/arm-none-eabi/5.4.1/../../../../arm-none-eabi/lib/armv7-m\libc.a(lib_a-__call_atexit.o)
 .text          0x00000000        0x0 c:/program files (x86)/gnu tools arm embedded/5.4 2016q2/bin/../lib/gcc/arm-none-eabi/5.4.1/../../../../arm-none-eabi/lib/armv7-m\libc.a(lib_a-atexit.o)
 .data          0x00000000        0x0 c:/program files (x86)/gnu tools arm embedded/5.4 2016q2/bin/../lib/gcc/arm-none-eabi/5.4.1/../../../../arm-none-eabi/lib/armv7-m\libc.a(lib_a-atexit.o)
 .bss           0x00000000        0x0 c:/program files (x86)/gnu tools arm embedded/5.4 2016q2/bin/../lib/gcc/arm-none-eabi/5.4.1/../../../../arm-none-eabi/lib/armv7-m\libc.a(lib_a-atexit.o)
 .debug_frame   0x00000000       0x20 c:/program files (x86)/gnu tools arm embedded/5.4 2016q2/bin/../lib/gcc/arm-none-eabi/5.4.1/../../../../arm-none-eabi/lib/armv7-m\libc.a(lib_a-atexit.o)
 .ARM.attributes
                0x00000000       0x2d c:/program files (x86)/gnu tools arm embedded/5.4 2016q2/bin/../lib/gcc/arm-none-eabi/5.4.1/../../../../arm-none-eabi/lib/armv7-m\libc.a(lib_a-atexit.o)
 .text          0x00000000        0x0 c:/program files (x86)/gnu tools arm embedded/5.4 2016q2/bin/../lib/gcc/arm-none-eabi/5.4.1/../../../../arm-none-eabi/lib/armv7-m\libc.a(lib_a-fini.o)
 .data          0x00000000        0x0 c:/program files (x86)/gnu tools arm embedded/5.4 2016q2/bin/../lib/gcc/arm-none-eabi/5.4.1/../../../../arm-none-eabi/lib/armv7-m\libc.a(lib_a-fini.o)
 .bss           0x00000000        0x0 c:/program files (x86)/gnu tools arm embedded/5.4 2016q2/bin/../lib/gcc/arm-none-eabi/5.4.1/../../../../arm-none-eabi/lib/armv7-m\libc.a(lib_a-fini.o)
 .debug_frame   0x00000000       0x34 c:/program files (x86)/gnu tools arm embedded/5.4 2016q2/bin/../lib/gcc/arm-none-eabi/5.4.1/../../../../arm-none-eabi/lib/armv7-m\libc.a(lib_a-fini.o)
 .ARM.attributes
                0x00000000       0x2d c:/program files (x86)/gnu tools arm embedded/5.4 2016q2/bin/../lib/gcc/arm-none-eabi/5.4.1/../../../../arm-none-eabi/lib/armv7-m\libc.a(lib_a-fini.o)
 .text          0x00000000        0x0 c:/program files (x86)/gnu tools arm embedded/5.4 2016q2/bin/../lib/gcc/arm-none-eabi/5.4.1/../../../../arm-none-eabi/lib/armv7-m\libc.a(lib_a-__atexit.o)
 .data          0x00000000        0x0 c:/program files (x86)/gnu tools arm embedded/5.4 2016q2/bin/../lib/gcc/arm-none-eabi/5.4.1/../../../../arm-none-eabi/lib/armv7-m\libc.a(lib_a-__atexit.o)
 .bss           0x00000000        0x0 c:/program files (x86)/gnu tools arm embedded/5.4 2016q2/bin/../lib/gcc/arm-none-eabi/5.4.1/../../../../arm-none-eabi/lib/armv7-m\libc.a(lib_a-__atexit.o)
 .debug_frame   0x00000000       0x34 c:/program files (x86)/gnu tools arm embedded/5.4 2016q2/bin/../lib/gcc/arm-none-eabi/5.4.1/../../../../arm-none-eabi/lib/armv7-m\libc.a(lib_a-__atexit.o)
 .ARM.attributes
                0x00000000       0x2d c:/program files (x86)/gnu tools arm embedded/5.4 2016q2/bin/../lib/gcc/arm-none-eabi/5.4.1/../../../../arm-none-eabi/lib/armv7-m\libc.a(lib_a-__atexit.o)
 .data          0x00000000        0x0 ..\obj\stm32f1xx_hal_dma.o
 .bss           0x00000000        0x0 ..\obj\stm32f1xx_hal_dma.o
 .data          0x00000000        0x0 ..\obj\stm32f1xx_hal_i2c.o
 .bss           0x00000000        0x0 ..\obj\stm32f1xx_hal_i2c.o
 .bss           0x00000000        0x0 ..\obj\system_stm32f1xx.o
 .text          0x00000000      0x870 ..\obj\stm32f1xx_hal_flash_ex.o
 .data          0x00000000        0x0 ..\obj\stm32f1xx_hal_flash_ex.o
 .bss           0x00000000        0x0 ..\obj\stm32f1xx_hal_flash_ex.o
 .debug_info    0x00000000      0x840 ..\obj\stm32f1xx_hal_flash_ex.o
 .debug_abbrev  0x00000000      0x265 ..\obj\stm32f1xx_hal_flash_ex.o
 .debug_aranges
                0x00000000       0x20 ..\obj\stm32f1xx_hal_flash_ex.o
 .debug_line    0x00000000      0x3f9 ..\obj\stm32f1xx_hal_flash_ex.o
 .debug_str     0x00000000      0x629 ..\obj\stm32f1xx_hal_flash_ex.o
 .comment       0x00000000       0x6f ..\obj\stm32f1xx_hal_flash_ex.o
 .debug_frame   0x00000000      0x260 ..\obj\stm32f1xx_hal_flash_ex.o
 .ARM.attributes
                0x00000000       0x33 ..\obj\stm32f1xx_hal_flash_ex.o
 .data          0x00000000        0x0 ..\obj\stm32f1xx_hal_cortex.o
 .bss           0x00000000        0x0 ..\obj\stm32f1xx_hal_cortex.o
 .data          0x00000000        0x0 ..\obj\stm32f1xx_hal_gpio.o
 .bss           0x00000000        0x0 ..\obj\stm32f1xx_hal_gpio.o
 .text          0x00000000        0x0 ..\obj\stm32f1xx_hal_tim_ex.o
 .data          0x00000000        0x0 ..\obj\stm32f1xx_hal_tim_ex.o
 .bss           0x00000000        0x0 ..\obj\stm32f1xx_hal_tim_ex.o
 .debug_info    0x00000000       0xa0 ..\obj\stm32f1xx_hal_tim_ex.o
 .debug_abbrev  0x00000000       0x4b ..\obj\stm32f1xx_hal_tim_ex.o
 .debug_aranges
                0x00000000       0x18 ..\obj\stm32f1xx_hal_tim_ex.o
 .debug_line    0x00000000      0x120 ..\obj\stm32f1xx_hal_tim_ex.o
 .debug_str     0x00000000      0x197 ..\obj\stm32f1xx_hal_tim_ex.o
 .comment       0x00000000       0x6f ..\obj\stm32f1xx_hal_tim_ex.o
 .ARM.attributes
                0x00000000       0x33 ..\obj\stm32f1xx_hal_tim_ex.o
 .text          0x00000000      0x414 ..\obj\stm32f1xx_hal_rcc_ex.o
 .data          0x00000000        0x0 ..\obj\stm32f1xx_hal_rcc_ex.o
 .bss           0x00000000        0x0 ..\obj\stm32f1xx_hal_rcc_ex.o
 .rodata        0x00000000       0x12 ..\obj\stm32f1xx_hal_rcc_ex.o
 .debug_info    0x00000000      0x541 ..\obj\stm32f1xx_hal_rcc_ex.o
 .debug_abbrev  0x00000000      0x1eb ..\obj\stm32f1xx_hal_rcc_ex.o
 .debug_aranges
                0x00000000       0x20 ..\obj\stm32f1xx_hal_rcc_ex.o
 .debug_line    0x00000000      0x378 ..\obj\stm32f1xx_hal_rcc_ex.o
 .debug_str     0x00000000      0x39e ..\obj\stm32f1xx_hal_rcc_ex.o
 .comment       0x00000000       0x6f ..\obj\stm32f1xx_hal_rcc_ex.o
 .debug_frame   0x00000000       0x84 ..\obj\stm32f1xx_hal_rcc_ex.o
 .ARM.attributes
                0x00000000       0x33 ..\obj\stm32f1xx_hal_rcc_ex.o
 .data          0x00000000        0x0 ..\obj\stm32f1xx_hal.o
 .text          0x00000000       0x64 ..\obj\stm32f1xx_hal_gpio_ex.o
 .data          0x00000000        0x0 ..\obj\stm32f1xx_hal_gpio_ex.o
 .bss           0x00000000        0x0 ..\obj\stm32f1xx_hal_gpio_ex.o
 .debug_info    0x00000000      0x183 ..\obj\stm32f1xx_hal_gpio_ex.o
 .debug_abbrev  0x00000000       0xcb ..\obj\stm32f1xx_hal_gpio_ex.o
 .debug_aranges
                0x00000000       0x20 ..\obj\stm32f1xx_hal_gpio_ex.o
 .debug_line    0x00000000      0x1d7 ..\obj\stm32f1xx_hal_gpio_ex.o
 .debug_str     0x00000000      0x248 ..\obj\stm32f1xx_hal_gpio_ex.o
 .comment       0x00000000       0x6f ..\obj\stm32f1xx_hal_gpio_ex.o
 .debug_frame   0x00000000       0x78 ..\obj\stm32f1xx_hal_gpio_ex.o
 .ARM.attributes
                0x00000000       0x33 ..\obj\stm32f1xx_hal_gpio_ex.o
 .data          0x00000000        0x0 ..\obj\stm32f1xx_it.o
 .bss           0x00000000        0x0 ..\obj\stm32f1xx_it.o
 .text          0x00000000       0x14 ..\obj\startup_stm32f103xb.o
 .data          0x00000000        0x0 ..\obj\startup_stm32f103xb.o
 .bss           0x00000000        0x0 ..\obj\startup_stm32f103xb.o
 .data          0x00000000        0x0 ..\obj\main.o
 .bss           0x00000000        0x0 ..\obj\main.o
 .data          0x00000000        0x0 ..\obj\lcd.o
 .bss           0x00000000        0x0 ..\obj\lcd.o
 .data          0x00000000        0x0 ..\obj\stm32f1xx_hal_msp.o
 .bss           0x00000000        0x0 ..\obj\stm32f1xx_hal_msp.o
 .text          0x00000000      0x568 ..\obj\stm32f1xx_hal_flash.o
 .data          0x00000000        0x0 ..\obj\stm32f1xx_hal_flash.o
 .bss           0x00000000        0x0 ..\obj\stm32f1xx_hal_flash.o
 .debug_info    0x00000000      0x4e8 ..\obj\stm32f1xx_hal_flash.o
 .debug_abbrev  0x00000000      0x1df ..\obj\stm32f1xx_hal_flash.o
 .debug_aranges
                0x00000000       0x20 ..\obj\stm32f1xx_hal_flash.o
 .debug_line    0x00000000      0x36c ..\obj\stm32f1xx_hal_flash.o
 .debug_str     0x00000000      0x4e9 ..\obj\stm32f1xx_hal_flash.o
 .comment       0x00000000       0x6f ..\obj\stm32f1xx_hal_flash.o
 .debug_frame   0x00000000      0x204 ..\obj\stm32f1xx_hal_flash.o
 .ARM.attributes
                0x00000000       0x33 ..\obj\stm32f1xx_hal_flash.o
 COMMON         0x00000000       0x20 ..\obj\stm32f1xx_hal_flash.o
 .text          0x00000000        0x0 ..\obj\stm32f1xx_hal_tim.o
 .data          0x00000000        0x0 ..\obj\stm32f1xx_hal_tim.o
 .bss           0x00000000        0x0 ..\obj\stm32f1xx_hal_tim.o
 .debug_info    0x00000000       0xa0 ..\obj\stm32f1xx_hal_tim.o
 .debug_abbrev  0x00000000       0x4b ..\obj\stm32f1xx_hal_tim.o
 .debug_aranges
                0x00000000       0x18 ..\obj\stm32f1xx_hal_tim.o
 .debug_line    0x00000000      0x120 ..\obj\stm32f1xx_hal_tim.o
 .debug_str     0x00000000      0x194 ..\obj\stm32f1xx_hal_tim.o
 .comment       0x00000000       0x6f ..\obj\stm32f1xx_hal_tim.o
 .ARM.attributes
                0x00000000       0x33 ..\obj\stm32f1xx_hal_tim.o
 .text          0x00000000      0x3a0 ..\obj\stm32f1xx_hal_pwr.o
 .data          0x00000000        0x0 ..\obj\stm32f1xx_hal_pwr.o
 .bss           0x00000000        0x0 ..\obj\stm32f1xx_hal_pwr.o
 .debug_info    0x00000000      0x79a ..\obj\stm32f1xx_hal_pwr.o
 .debug_abbrev  0x00000000      0x225 ..\obj\stm32f1xx_hal_pwr.o
 .debug_aranges
                0x00000000       0x20 ..\obj\stm32f1xx_hal_pwr.o
 .debug_line    0x00000000      0x322 ..\obj\stm32f1xx_hal_pwr.o
 .debug_str     0x00000000      0x49e ..\obj\stm32f1xx_hal_pwr.o
 .comment       0x00000000       0x6f ..\obj\stm32f1xx_hal_pwr.o
 .debug_frame   0x00000000      0x290 ..\obj\stm32f1xx_hal_pwr.o
 .ARM.attributes
                0x00000000       0x33 ..\obj\stm32f1xx_hal_pwr.o
 .data          0x00000000        0x0 ..\obj\stm32f1xx_hal_rcc.o
 .bss           0x00000000        0x0 ..\obj\stm32f1xx_hal_rcc.o
 .text          0x00000000        0x0 c:/program files (x86)/gnu tools arm embedded/5.4 2016q2/bin/../lib/gcc/arm-none-eabi/5.4.1/../../../../arm-none-eabi/lib/armv7-m\libg.a(lib_a-strlen-stub.o)
 .data          0x00000000        0x0 c:/program files (x86)/gnu tools arm embedded/5.4 2016q2/bin/../lib/gcc/arm-none-eabi/5.4.1/../../../../arm-none-eabi/lib/armv7-m\libg.a(lib_a-strlen-stub.o)
 .bss           0x00000000        0x0 c:/program files (x86)/gnu tools arm embedded/5.4 2016q2/bin/../lib/gcc/arm-none-eabi/5.4.1/../../../../arm-none-eabi/lib/armv7-m\libg.a(lib_a-strlen-stub.o)
 .text          0x00000000        0x0 c:/program files (x86)/gnu tools arm embedded/5.4 2016q2/bin/../lib/gcc/arm-none-eabi/5.4.1/armv7-m/crtend.o
 .data          0x00000000        0x0 c:/program files (x86)/gnu tools arm embedded/5.4 2016q2/bin/../lib/gcc/arm-none-eabi/5.4.1/armv7-m/crtend.o
 .bss           0x00000000        0x0 c:/program files (x86)/gnu tools arm embedded/5.4 2016q2/bin/../lib/gcc/arm-none-eabi/5.4.1/armv7-m/crtend.o
 .eh_frame      0x00000000        0x4 c:/program files (x86)/gnu tools arm embedded/5.4 2016q2/bin/../lib/gcc/arm-none-eabi/5.4.1/armv7-m/crtend.o
 .jcr           0x00000000        0x4 c:/program files (x86)/gnu tools arm embedded/5.4 2016q2/bin/../lib/gcc/arm-none-eabi/5.4.1/armv7-m/crtend.o
 .ARM.attributes
                0x00000000       0x2d c:/program files (x86)/gnu tools arm embedded/5.4 2016q2/bin/../lib/gcc/arm-none-eabi/5.4.1/armv7-m/crtend.o
 .text          0x00000000        0x0 c:/program files (x86)/gnu tools arm embedded/5.4 2016q2/bin/../lib/gcc/arm-none-eabi/5.4.1/armv7-m/crtn.o
 .data          0x00000000        0x0 c:/program files (x86)/gnu tools arm embedded/5.4 2016q2/bin/../lib/gcc/arm-none-eabi/5.4.1/armv7-m/crtn.o
 .bss           0x00000000        0x0 c:/program files (x86)/gnu tools arm embedded/5.4 2016q2/bin/../lib/gcc/arm-none-eabi/5.4.1/armv7-m/crtn.o

Memory Configuration

Name             Origin             Length             Attributes
FLASH            0x08000000         0x00010000         xr
RAM              0x20000000         0x00005000         xrw
*default*        0x00000000         0xffffffff

Linker script and memory map

LOAD c:/program files (x86)/gnu tools arm embedded/5.4 2016q2/bin/../lib/gcc/arm-none-eabi/5.4.1/armv7-m/crti.o
LOAD c:/program files (x86)/gnu tools arm embedded/5.4 2016q2/bin/../lib/gcc/arm-none-eabi/5.4.1/armv7-m/crtbegin.o
LOAD c:/program files (x86)/gnu tools arm embedded/5.4 2016q2/bin/../lib/gcc/arm-none-eabi/5.4.1/../../../../arm-none-eabi/lib/armv7-m/crt0.o
                0x20005000                _estack = 0x20005000
                0x00000200                _Min_Heap_Size = 0x200
                0x00000400                _Min_Stack_Size = 0x400

.isr_vector     0x08000000      0x10c
                0x08000000                . = ALIGN (0x4)
 *(.isr_vector)
 .isr_vector    0x08000000      0x10c ..\obj\startup_stm32f103xb.o
                0x08000000                g_pfnVectors
                0x0800010c                . = ALIGN (0x4)

.text           0x0800010c     0x6e90
                0x0800010c                . = ALIGN (0x4)
 *(.text)
 .text          0x0800010c       0x5c c:/program files (x86)/gnu tools arm embedded/5.4 2016q2/bin/../lib/gcc/arm-none-eabi/5.4.1/armv7-m/crtbegin.o
 .text          0x08000168      0xbd8 ..\obj\stm32f1xx_hal_dma.o
                0x08000168                HAL_DMA_Init
                0x080001fc                HAL_DMA_DeInit
                0x080003dc                HAL_DMA_Start
                0x08000440                HAL_DMA_Start_IT
                0x080004d4                HAL_DMA_Abort
                0x08000550                HAL_DMA_PollForTransfer
                0x080008e4                HAL_DMA_IRQHandler
                0x08000cc4                HAL_DMA_GetState
                0x08000cdc                HAL_DMA_GetError
 .text          0x08000d40     0x36a0 ..\obj\stm32f1xx_hal_i2c.o
                0x08000d40                HAL_I2C_Init
                0x08000e4c                HAL_I2C_DeInit
                0x08000ecc                HAL_I2C_Master_Transmit
                0x08001068                HAL_I2C_Master_Receive
                0x08001388                HAL_I2C_Slave_Transmit
                0x0800154c                HAL_I2C_Slave_Receive
                0x08001704                HAL_I2C_Master_Transmit_IT
                0x08001808                HAL_I2C_Master_Receive_IT
                0x0800199c                HAL_I2C_Slave_Transmit_IT
                0x08001a68                HAL_I2C_Slave_Receive_IT
                0x08001b34                HAL_I2C_Master_Transmit_DMA
                0x08001c64                HAL_I2C_Master_Receive_DMA
                0x08001dc0                HAL_I2C_Slave_Transmit_DMA
                0x08001f30                HAL_I2C_Slave_Receive_DMA
                0x08002054                HAL_I2C_Mem_Write
                0x080021f0                HAL_I2C_Mem_Read
                0x0800251c                HAL_I2C_Mem_Write_IT
                0x0800261c                HAL_I2C_Mem_Read_IT
                0x080027bc                HAL_I2C_Mem_Write_DMA
                0x080028e8                HAL_I2C_Mem_Read_DMA
                0x08002a50                HAL_I2C_IsDeviceReady
                0x08002c74                HAL_I2C_EV_IRQHandler
                0x08002f68                HAL_I2C_ER_IRQHandler
                0x08003150                HAL_I2C_MasterTxCpltCallback
                0x08003164                HAL_I2C_MasterRxCpltCallback
                0x08003178                HAL_I2C_SlaveTxCpltCallback
                0x0800318c                HAL_I2C_SlaveRxCpltCallback
                0x080031a0                HAL_I2C_MemTxCpltCallback
                0x080031b4                HAL_I2C_MemRxCpltCallback
                0x080031c8                HAL_I2C_ErrorCallback
                0x080031dc                HAL_I2C_GetState
                0x080031f8                HAL_I2C_GetError
 .text          0x080043e0      0x140 ..\obj\system_stm32f1xx.o
                0x080043e0                SystemInit
                0x08004448                SystemCoreClockUpdate
 .text          0x08004520      0x51c ..\obj\stm32f1xx_hal_cortex.o
                0x0800488c                HAL_NVIC_SetPriorityGrouping
                0x080048a4                HAL_NVIC_SetPriority
                0x080048dc                HAL_NVIC_EnableIRQ
                0x080048f8                HAL_NVIC_DisableIRQ
                0x08004914                HAL_NVIC_SystemReset
                0x08004920                HAL_SYSTICK_Config
                0x08004938                HAL_NVIC_GetPriorityGrouping
                0x08004948                HAL_NVIC_GetPriority
                0x08004974                HAL_NVIC_SetPendingIRQ
                0x08004990                HAL_NVIC_GetPendingIRQ
                0x080049b0                HAL_NVIC_ClearPendingIRQ
                0x080049cc                HAL_NVIC_GetActive
                0x080049ec                HAL_SYSTICK_CLKSourceConfig
                0x08004a24                HAL_SYSTICK_IRQHandler
                0x08004a30                HAL_SYSTICK_Callback
 .text          0x08004a3c      0x558 ..\obj\stm32f1xx_hal_gpio.o
                0x08004a3c                HAL_GPIO_Init
                0x08004cf8                HAL_GPIO_DeInit
                0x08004e7c                HAL_GPIO_ReadPin
                0x08004eac                HAL_GPIO_WritePin
                0x08004edc                HAL_GPIO_TogglePin
                0x08004f00                HAL_GPIO_LockPin
                0x08004f50                HAL_GPIO_EXTI_IRQHandler
                0x08004f80                HAL_GPIO_EXTI_Callback
 .text          0x08004f94      0x248 ..\obj\stm32f1xx_hal.o
                0x08004f94                HAL_Init
                0x08004fc0                HAL_DeInit
                0x08004ffc                HAL_MspDeInit
                0x08005008                HAL_InitTick
                0x08005040                HAL_IncTick
                0x0800505c                HAL_GetTick
                0x08005070                HAL_Delay
                0x0800509c                HAL_SuspendTick
                0x080050b8                HAL_ResumeTick
                0x080050d4                HAL_GetHalVersion
                0x080050e8                HAL_GetREVID
                0x0800511c                HAL_GetDEVID
                0x08005134                HAL_DBGMCU_EnableDBGSleepMode
                0x08005150                HAL_DBGMCU_DisableDBGSleepMode
                0x0800516c                HAL_DBGMCU_EnableDBGStopMode
                0x08005188                HAL_DBGMCU_DisableDBGStopMode
                0x080051a4                HAL_DBGMCU_EnableDBGStandbyMode
                0x080051c0                HAL_DBGMCU_DisableDBGStandbyMode
 .text          0x080051dc       0x60 ..\obj\stm32f1xx_it.o
                0x080051dc                NMI_Handler
                0x080051e8                HardFault_Handler
                0x080051f0                MemManage_Handler
                0x080051f8                BusFault_Handler
                0x08005200                UsageFault_Handler
                0x08005208                SVC_Handler
                0x08005214                DebugMon_Handler
                0x08005220                PendSV_Handler
                0x0800522c                SysTick_Handler
 .text          0x0800523c      0x18c ..\obj\main.o
                0x0800523c                main
                0x0800529c                SystemClock_Config
                0x080053c0                Error_Handler
 .text          0x080053c8      0x26c ..\obj\lcd.o
                0x080053c8                sendData
                0x08005440                initLCD
                0x08005530                writeLCD
                0x08005580                writeStringLCD
                0x080055bc                moveXY
 .text          0x08005634      0x12c ..\obj\stm32f1xx_hal_msp.o
                0x08005634                HAL_MspInit
                0x080056cc                HAL_I2C_MspInit
                0x08005724                HAL_I2C_MspDeInit
 .text          0x08005760     0x1640 ..\obj\stm32f1xx_hal_rcc.o
                0x08005760                HAL_RCC_DeInit
                0x080057dc                HAL_RCC_OscConfig
                0x0800661c                HAL_RCC_ClockConfig
                0x08006994                HAL_RCC_MCOConfig
                0x08006a04                HAL_RCC_EnableCSS
                0x08006a38                HAL_RCC_DisableCSS
                0x08006a6c                HAL_RCC_GetSysClockFreq
                0x08006b60                HAL_RCC_GetHCLKFreq
                0x08006b74                HAL_RCC_GetPCLK1Freq
                0x08006bb8                HAL_RCC_GetPCLK2Freq
                0x08006bfc                HAL_RCC_GetOscConfig
                0x08006d0c                HAL_RCC_GetClockConfig
                0x08006d6c                HAL_RCC_NMI_IRQHandler
                0x08006d94                HAL_RCC_CSSCallback
 *(.text*)
 .text.__libc_init_array
                0x08006da0       0x50 c:/program files (x86)/gnu tools arm embedded/5.4 2016q2/bin/../lib/gcc/arm-none-eabi/5.4.1/../../../../arm-none-eabi/lib/armv7-m\libc.a(lib_a-init.o)
                0x08006da0                __libc_init_array
 .text.startup.register_fini
                0x08006df0       0x14 c:/program files (x86)/gnu tools arm embedded/5.4 2016q2/bin/../lib/gcc/arm-none-eabi/5.4.1/../../../../arm-none-eabi/lib/armv7-m\libc.a(lib_a-__call_atexit.o)
 .text.atexit   0x08006e04        0xc c:/program files (x86)/gnu tools arm embedded/5.4 2016q2/bin/../lib/gcc/arm-none-eabi/5.4.1/../../../../arm-none-eabi/lib/armv7-m\libc.a(lib_a-atexit.o)
                0x08006e04                atexit
 .text.__libc_fini_array
                0x08006e10       0x28 c:/program files (x86)/gnu tools arm embedded/5.4 2016q2/bin/../lib/gcc/arm-none-eabi/5.4.1/../../../../arm-none-eabi/lib/armv7-m\libc.a(lib_a-fini.o)
                0x08006e10                __libc_fini_array
 .text.__register_exitproc
                0x08006e38       0xa4 c:/program files (x86)/gnu tools arm embedded/5.4 2016q2/bin/../lib/gcc/arm-none-eabi/5.4.1/../../../../arm-none-eabi/lib/armv7-m\libc.a(lib_a-__atexit.o)
                0x08006e38                __register_exitproc
 .text.Reset_Handler
                0x08006edc       0x48 ..\obj\startup_stm32f103xb.o
                0x08006edc                Reset_Handler
 .text.Default_Handler
                0x08006f24        0x2 ..\obj\startup_stm32f103xb.o
                0x08006f24                RTC_Alarm_IRQHandler
                0x08006f24                EXTI2_IRQHandler
                0x08006f24                TIM1_CC_IRQHandler
                0x08006f24                PVD_IRQHandler
                0x08006f24                EXTI3_IRQHandler
                0x08006f24                EXTI0_IRQHandler
                0x08006f24                I2C2_EV_IRQHandler
                0x08006f24                ADC1_2_IRQHandler
                0x08006f24                SPI1_IRQHandler
                0x08006f24                TAMPER_IRQHandler
                0x08006f24                DMA1_Channel4_IRQHandler
                0x08006f24                USART3_IRQHandler
                0x08006f24                RTC_IRQHandler
                0x08006f24                DMA1_Channel7_IRQHandler
                0x08006f24                CAN1_RX1_IRQHandler
                0x08006f24                TIM4_IRQHandler
                0x08006f24                I2C1_EV_IRQHandler
                0x08006f24                DMA1_Channel6_IRQHandler
                0x08006f24                TIM3_IRQHandler
                0x08006f24                RCC_IRQHandler
                0x08006f24                TIM1_TRG_COM_IRQHandler
                0x08006f24                DMA1_Channel1_IRQHandler
                0x08006f24                Default_Handler
                0x08006f24                EXTI15_10_IRQHandler
                0x08006f24                EXTI9_5_IRQHandler
                0x08006f24                SPI2_IRQHandler
                0x08006f24                DMA1_Channel5_IRQHandler
                0x08006f24                EXTI4_IRQHandler
                0x08006f24                USB_LP_CAN1_RX0_IRQHandler
                0x08006f24                USB_HP_CAN1_TX_IRQHandler
                0x08006f24                DMA1_Channel3_IRQHandler
                0x08006f24                TIM1_UP_IRQHandler
                0x08006f24                WWDG_IRQHandler
                0x08006f24                TIM2_IRQHandler
                0x08006f24                TIM1_BRK_IRQHandler
                0x08006f24                EXTI1_IRQHandler
                0x08006f24                USART2_IRQHandler
                0x08006f24                I2C2_ER_IRQHandler
                0x08006f24                DMA1_Channel2_IRQHandler
                0x08006f24                CAN1_SCE_IRQHandler
                0x08006f24                FLASH_IRQHandler
                0x08006f24                USART1_IRQHandler
                0x08006f24                I2C1_ER_IRQHandler
                0x08006f24                USBWakeUp_IRQHandler
 *fill*         0x08006f26        0x2 
 .text.strlen   0x08006f28       0x5c c:/program files (x86)/gnu tools arm embedded/5.4 2016q2/bin/../lib/gcc/arm-none-eabi/5.4.1/../../../../arm-none-eabi/lib/armv7-m\libg.a(lib_a-strlen-stub.o)
                0x08006f28                strlen
 *(.glue_7)
 .glue_7        0x08006f84        0x0 linker stubs
 *(.glue_7t)
 .glue_7t       0x08006f84        0x0 linker stubs
 *(.eh_frame)
 .eh_frame      0x08006f84        0x0 c:/program files (x86)/gnu tools arm embedded/5.4 2016q2/bin/../lib/gcc/arm-none-eabi/5.4.1/armv7-m/crtbegin.o
 *(.init)
 .init          0x08006f84        0x4 c:/program files (x86)/gnu tools arm embedded/5.4 2016q2/bin/../lib/gcc/arm-none-eabi/5.4.1/armv7-m/crti.o
                0x08006f84                _init
 .init          0x08006f88        0x8 c:/program files (x86)/gnu tools arm embedded/5.4 2016q2/bin/../lib/gcc/arm-none-eabi/5.4.1/armv7-m/crtn.o
 *(.fini)
 .fini          0x08006f90        0x4 c:/program files (x86)/gnu tools arm embedded/5.4 2016q2/bin/../lib/gcc/arm-none-eabi/5.4.1/armv7-m/crti.o
                0x08006f90                _fini
 .fini          0x08006f94        0x8 c:/program files (x86)/gnu tools arm embedded/5.4 2016q2/bin/../lib/gcc/arm-none-eabi/5.4.1/armv7-m/crtn.o
                0x08006f9c                . = ALIGN (0x4)
                0x08006f9c                _etext = .

.vfp11_veneer   0x08006f9c        0x0
 .vfp11_veneer  0x08006f9c        0x0 linker stubs

.v4_bx          0x08006f9c        0x0
 .v4_bx         0x08006f9c        0x0 linker stubs

.iplt           0x08006f9c        0x0
 .iplt          0x08006f9c        0x0 c:/program files (x86)/gnu tools arm embedded/5.4 2016q2/bin/../lib/gcc/arm-none-eabi/5.4.1/armv7-m/crtbegin.o

.rodata         0x08006f9c       0x48
                0x08006f9c                . = ALIGN (0x4)
 *(.rodata)
 .rodata        0x08006f9c       0x18 ..\obj\system_stm32f1xx.o
                0x08006f9c                AHBPrescTable
                0x08006fac                APBPrescTable
 .rodata        0x08006fb4       0x11 ..\obj\main.o
 *fill*         0x08006fc5        0x3 
 .rodata        0x08006fc8       0x12 ..\obj\stm32f1xx_hal_rcc.o
 *(.rodata*)
 *fill*         0x08006fda        0x2 
 .rodata.str1.4
                0x08006fdc        0x4 c:/program files (x86)/gnu tools arm embedded/5.4 2016q2/bin/../lib/gcc/arm-none-eabi/5.4.1/../../../../arm-none-eabi/lib/armv7-m\libc.a(lib_a-impure.o)
                                  0x2 (size before relaxing)
 .rodata._global_impure_ptr
                0x08006fe0        0x4 c:/program files (x86)/gnu tools arm embedded/5.4 2016q2/bin/../lib/gcc/arm-none-eabi/5.4.1/../../../../arm-none-eabi/lib/armv7-m\libc.a(lib_a-impure.o)
                0x08006fe0                _global_impure_ptr
                0x08006fe4                . = ALIGN (0x4)

.rel.dyn        0x08006fe4        0x0
 .rel.iplt      0x08006fe4        0x0 c:/program files (x86)/gnu tools arm embedded/5.4 2016q2/bin/../lib/gcc/arm-none-eabi/5.4.1/armv7-m/crtbegin.o

.ARM.extab
 *(.ARM.extab* .gnu.linkonce.armextab.*)

.ARM            0x08006fe4        0x0
                0x08006fe4                __exidx_start = .
 *(.ARM.exidx*)
                0x08006fe4                __exidx_end = .

.preinit_array  0x08006fe4        0x0
                0x08006fe4                PROVIDE (__preinit_array_start, .)
 *(.preinit_array*)
                0x08006fe4                PROVIDE (__preinit_array_end, .)

.init_array     0x08006fe4        0x8
                0x08006fe4                PROVIDE (__init_array_start, .)
 *(SORT(.init_array.*))
 .init_array.00000
                0x08006fe4        0x4 c:/program files (x86)/gnu tools arm embedded/5.4 2016q2/bin/../lib/gcc/arm-none-eabi/5.4.1/../../../../arm-none-eabi/lib/armv7-m\libc.a(lib_a-__call_atexit.o)
 *(.init_array*)
 .init_array    0x08006fe8        0x4 c:/program files (x86)/gnu tools arm embedded/5.4 2016q2/bin/../lib/gcc/arm-none-eabi/5.4.1/armv7-m/crtbegin.o
                0x08006fec                PROVIDE (__init_array_end, .)

.fini_array     0x08006fec        0x4
                0x08006fec                PROVIDE (__fini_array_start, .)
 *(SORT(.fini_array.*))
 *(.fini_array*)
 .fini_array    0x08006fec        0x4 c:/program files (x86)/gnu tools arm embedded/5.4 2016q2/bin/../lib/gcc/arm-none-eabi/5.4.1/armv7-m/crtbegin.o
                0x08006ff0                PROVIDE (__fini_array_end, .)
                0x08006ff0                _sidata = LOADADDR (.data)

.data           0x20000000      0x430 load address 0x08006ff0
                0x20000000                . = ALIGN (0x4)
                0x20000000                _sdata = .
 *(.data)
 .data          0x20000000        0x4 ..\obj\system_stm32f1xx.o
                0x20000000                SystemCoreClock
 *(.data*)
 *fill*         0x20000004        0x4 
 .data.impure_data
                0x20000008      0x428 c:/program files (x86)/gnu tools arm embedded/5.4 2016q2/bin/../lib/gcc/arm-none-eabi/5.4.1/../../../../arm-none-eabi/lib/armv7-m\libc.a(lib_a-impure.o)
                0x20000430                . = ALIGN (0x4)
                0x20000430                _edata = .

.jcr            0x20000430        0x0 load address 0x08007420
 .jcr           0x20000430        0x0 c:/program files (x86)/gnu tools arm embedded/5.4 2016q2/bin/../lib/gcc/arm-none-eabi/5.4.1/armv7-m/crtbegin.o

.igot.plt       0x20000430        0x0 load address 0x08007420
 .igot.plt      0x20000430        0x0 c:/program files (x86)/gnu tools arm embedded/5.4 2016q2/bin/../lib/gcc/arm-none-eabi/5.4.1/armv7-m/crtbegin.o
                0x20000430                . = ALIGN (0x4)

.bss            0x20000430       0x5c load address 0x08007420
                0x20000430                _sbss = .
                0x20000430                __bss_start__ = _sbss
 *(.bss)
 .bss           0x20000430       0x1c c:/program files (x86)/gnu tools arm embedded/5.4 2016q2/bin/../lib/gcc/arm-none-eabi/5.4.1/armv7-m/crtbegin.o
 .bss           0x2000044c        0x4 ..\obj\stm32f1xx_hal.o
 *(.bss*)
 *(COMMON)
 COMMON         0x20000450       0x3c ..\obj\main.o
                0x20000450                hi2c1
                0x2000048c                . = ALIGN (0x4)
                0x2000048c                _ebss = .
                0x2000048c                __bss_end__ = _ebss

._user_heap_stack
                0x2000048c      0x604 load address 0x08007420
                0x20000490                . = ALIGN (0x8)
 *fill*         0x2000048c        0x4 
                [!provide]                PROVIDE (end, .)
                [!provide]                PROVIDE (_end, .)
                0x20000690                . = (. + _Min_Heap_Size)
 *fill*         0x20000490      0x200 
                0x20000a90                . = (. + _Min_Stack_Size)
 *fill*         0x20000690      0x400 
                0x20000a90                . = ALIGN (0x8)

/DISCARD/
 libc.a(*)
 libm.a(*)
 libgcc.a(*)

.ARM.attributes
                0x00000000       0x29
 *(.ARM.attributes)
 .ARM.attributes
                0x00000000       0x1d c:/program files (x86)/gnu tools arm embedded/5.4 2016q2/bin/../lib/gcc/arm-none-eabi/5.4.1/armv7-m/crti.o
 .ARM.attributes
                0x0000001d       0x2d c:/program files (x86)/gnu tools arm embedded/5.4 2016q2/bin/../lib/gcc/arm-none-eabi/5.4.1/armv7-m/crtbegin.o
 .ARM.attributes
                0x0000004a       0x33 ..\obj\stm32f1xx_hal_dma.o
 .ARM.attributes
                0x0000007d       0x33 ..\obj\stm32f1xx_hal_i2c.o
 .ARM.attributes
                0x000000b0       0x33 ..\obj\system_stm32f1xx.o
 .ARM.attributes
                0x000000e3       0x33 ..\obj\stm32f1xx_hal_cortex.o
 .ARM.attributes
                0x00000116       0x33 ..\obj\stm32f1xx_hal_gpio.o
 .ARM.attributes
                0x00000149       0x33 ..\obj\stm32f1xx_hal.o
 .ARM.attributes
                0x0000017c       0x33 ..\obj\stm32f1xx_it.o
 .ARM.attributes
                0x000001af       0x21 ..\obj\startup_stm32f103xb.o
 .ARM.attributes
                0x000001d0       0x33 ..\obj\main.o
 .ARM.attributes
                0x00000203       0x33 ..\obj\lcd.o
 .ARM.attributes
                0x00000236       0x33 ..\obj\stm32f1xx_hal_msp.o
 .ARM.attributes
                0x00000269       0x33 ..\obj\stm32f1xx_hal_rcc.o
 .ARM.attributes
                0x0000029c       0x2d c:/program files (x86)/gnu tools arm embedded/5.4 2016q2/bin/../lib/gcc/arm-none-eabi/5.4.1/../../../../arm-none-eabi/lib/armv7-m\libg.a(lib_a-strlen-stub.o)
 .ARM.attributes
                0x000002c9       0x1d c:/program files (x86)/gnu tools arm embedded/5.4 2016q2/bin/../lib/gcc/arm-none-eabi/5.4.1/armv7-m/crtn.o
LOAD ..\obj\stm32f1xx_hal_dma.o
LOAD ..\obj\stm32f1xx_hal_i2c.o
LOAD ..\obj\system_stm32f1xx.o
LOAD ..\obj\stm32f1xx_hal_flash_ex.o
LOAD ..\obj\stm32f1xx_hal_cortex.o
LOAD ..\obj\stm32f1xx_hal_gpio.o
LOAD ..\obj\stm32f1xx_hal_tim_ex.o
LOAD ..\obj\stm32f1xx_hal_rcc_ex.o
LOAD ..\obj\stm32f1xx_hal.o
LOAD ..\obj\stm32f1xx_hal_gpio_ex.o
LOAD ..\obj\stm32f1xx_it.o
LOAD ..\obj\startup_stm32f103xb.o
LOAD ..\obj\main.o
LOAD ..\obj\lcd.o
LOAD ..\obj\stm32f1xx_hal_msp.o
LOAD ..\obj\stm32f1xx_hal_flash.o
LOAD ..\obj\stm32f1xx_hal_tim.o
LOAD ..\obj\stm32f1xx_hal_pwr.o
LOAD ..\obj\stm32f1xx_hal_rcc.o
START GROUP
LOAD c:/program files (x86)/gnu tools arm embedded/5.4 2016q2/bin/../lib/gcc/arm-none-eabi/5.4.1/armv7-m\libgcc.a
LOAD c:/program files (x86)/gnu tools arm embedded/5.4 2016q2/bin/../lib/gcc/arm-none-eabi/5.4.1/../../../../arm-none-eabi/lib/armv7-m\libg.a
LOAD c:/program files (x86)/gnu tools arm embedded/5.4 2016q2/bin/../lib/gcc/arm-none-eabi/5.4.1/../../../../arm-none-eabi/lib/armv7-m\libc.a
END GROUP
LOAD c:/program files (x86)/gnu tools arm embedded/5.4 2016q2/bin/../lib/gcc/arm-none-eabi/5.4.1/armv7-m/crtend.o
LOAD c:/program files (x86)/gnu tools arm embedded/5.4 2016q2/bin/../lib/gcc/arm-none-eabi/5.4.1/armv7-m/crtn.o
OUTPUT(myproj.elf elf32-littlearm)

.debug_info     0x00000000     0x6863
 .debug_info    0x00000000      0x588 ..\obj\stm32f1xx_hal_dma.o
 .debug_info    0x00000588     0x1acf ..\obj\stm32f1xx_hal_i2c.o
 .debug_info    0x00002057      0x3d2 ..\obj\system_stm32f1xx.o
 .debug_info    0x00002429      0xabf ..\obj\stm32f1xx_hal_cortex.o
 .debug_info    0x00002ee8      0x5f5 ..\obj\stm32f1xx_hal_gpio.o
 .debug_info    0x000034dd      0x5e3 ..\obj\stm32f1xx_hal.o
 .debug_info    0x00003ac0      0x141 ..\obj\stm32f1xx_it.o
 .debug_info    0x00003c01       0xaa ..\obj\startup_stm32f103xb.o
 .debug_info    0x00003cab      0x8e1 ..\obj\main.o
 .debug_info    0x0000458c      0x672 ..\obj\lcd.o
 .debug_info    0x00004bfe      0x86c ..\obj\stm32f1xx_hal_msp.o
 .debug_info    0x0000546a     0x13f9 ..\obj\stm32f1xx_hal_rcc.o

.debug_abbrev   0x00000000     0x124a
 .debug_abbrev  0x00000000      0x1b5 ..\obj\stm32f1xx_hal_dma.o
 .debug_abbrev  0x000001b5      0x20a ..\obj\stm32f1xx_hal_i2c.o
 .debug_abbrev  0x000003bf      0x120 ..\obj\system_stm32f1xx.o
 .debug_abbrev  0x000004df      0x270 ..\obj\stm32f1xx_hal_cortex.o
 .debug_abbrev  0x0000074f      0x1ac ..\obj\stm32f1xx_hal_gpio.o
 .debug_abbrev  0x000008fb      0x1f8 ..\obj\stm32f1xx_hal.o
 .debug_abbrev  0x00000af3       0x7f ..\obj\stm32f1xx_it.o
 .debug_abbrev  0x00000b72       0x12 ..\obj\startup_stm32f103xb.o
 .debug_abbrev  0x00000b84      0x1b2 ..\obj\main.o
 .debug_abbrev  0x00000d36      0x149 ..\obj\lcd.o
 .debug_abbrev  0x00000e7f      0x155 ..\obj\stm32f1xx_hal_msp.o
 .debug_abbrev  0x00000fd4      0x276 ..\obj\stm32f1xx_hal_rcc.o

.debug_aranges  0x00000000      0x188
 .debug_aranges
                0x00000000       0x20 ..\obj\stm32f1xx_hal_dma.o
 .debug_aranges
                0x00000020       0x20 ..\obj\stm32f1xx_hal_i2c.o
 .debug_aranges
                0x00000040       0x20 ..\obj\system_stm32f1xx.o
 .debug_aranges
                0x00000060       0x20 ..\obj\stm32f1xx_hal_cortex.o
 .debug_aranges
                0x00000080       0x20 ..\obj\stm32f1xx_hal_gpio.o
 .debug_aranges
                0x000000a0       0x20 ..\obj\stm32f1xx_hal.o
 .debug_aranges
                0x000000c0       0x20 ..\obj\stm32f1xx_it.o
 .debug_aranges
                0x000000e0       0x28 ..\obj\startup_stm32f103xb.o
 .debug_aranges
                0x00000108       0x20 ..\obj\main.o
 .debug_aranges
                0x00000128       0x20 ..\obj\lcd.o
 .debug_aranges
                0x00000148       0x20 ..\obj\stm32f1xx_hal_msp.o
 .debug_aranges
                0x00000168       0x20 ..\obj\stm32f1xx_hal_rcc.o

.debug_line     0x00000000     0x3561
 .debug_line    0x00000000      0x78c ..\obj\stm32f1xx_hal_dma.o
 .debug_line    0x0000078c      0xe04 ..\obj\stm32f1xx_hal_i2c.o
 .debug_line    0x00001590      0x21d ..\obj\system_stm32f1xx.o
 .debug_line    0x000017ad      0x2e6 ..\obj\stm32f1xx_hal_cortex.o
 .debug_line    0x00001a93      0x3c4 ..\obj\stm32f1xx_hal_gpio.o
 .debug_line    0x00001e57      0x299 ..\obj\stm32f1xx_hal.o
 .debug_line    0x000020f0      0x184 ..\obj\stm32f1xx_it.o
 .debug_line    0x00002274       0xbd ..\obj\startup_stm32f103xb.o
 .debug_line    0x00002331      0x2ac ..\obj\main.o
 .debug_line    0x000025dd      0x29e ..\obj\lcd.o
 .debug_line    0x0000287b      0x259 ..\obj\stm32f1xx_hal_msp.o
 .debug_line    0x00002ad4      0xa8d ..\obj\stm32f1xx_hal_rcc.o

.debug_str      0x00000000     0x1c90
 .debug_str     0x00000000      0x454 ..\obj\stm32f1xx_hal_dma.o
                                0x4d7 (size before relaxing)
 .debug_str     0x00000454      0x893 ..\obj\stm32f1xx_hal_i2c.o
                                0xc30 (size before relaxing)
 .debug_str     0x00000ce7      0x156 ..\obj\system_stm32f1xx.o
                                0x297 (size before relaxing)
 .debug_str     0x00000e3d      0x5cb ..\obj\stm32f1xx_hal_cortex.o
                                0x89c (size before relaxing)
 .debug_str     0x00001408      0x1ca ..\obj\stm32f1xx_hal_gpio.o
                                0x3f7 (size before relaxing)
 .debug_str     0x000015d2      0x202 ..\obj\stm32f1xx_hal.o
                                0x6e5 (size before relaxing)
 .debug_str     0x000017d4       0xb7 ..\obj\stm32f1xx_it.o
                                0x202 (size before relaxing)
 .debug_str     0x0000188b      0x17d ..\obj\main.o
                                0x9ee (size before relaxing)
 .debug_str     0x00001a08       0x56 ..\obj\lcd.o
                                0x5ba (size before relaxing)
 .debug_str     0x00001a5e       0x3c ..\obj\stm32f1xx_hal_msp.o
                                0x90b (size before relaxing)
 .debug_str     0x00001a9a      0x1f6 ..\obj\stm32f1xx_hal_rcc.o
                                0x5c3 (size before relaxing)

.comment        0x00000000       0x6e
 .comment       0x00000000       0x6e ..\obj\stm32f1xx_hal_dma.o
                                 0x6f (size before relaxing)
 .comment       0x0000006e       0x6f ..\obj\stm32f1xx_hal_i2c.o
 .comment       0x0000006e       0x6f ..\obj\system_stm32f1xx.o
 .comment       0x0000006e       0x6f ..\obj\stm32f1xx_hal_cortex.o
 .comment       0x0000006e       0x6f ..\obj\stm32f1xx_hal_gpio.o
 .comment       0x0000006e       0x6f ..\obj\stm32f1xx_hal.o
 .comment       0x0000006e       0x6f ..\obj\stm32f1xx_it.o
 .comment       0x0000006e       0x6f ..\obj\main.o
 .comment       0x0000006e       0x6f ..\obj\lcd.o
 .comment       0x0000006e       0x6f ..\obj\stm32f1xx_hal_msp.o
 .comment       0x0000006e       0x6f ..\obj\stm32f1xx_hal_rcc.o

.debug_frame    0x00000000     0x1894
 .debug_frame   0x00000000      0x194 ..\obj\stm32f1xx_hal_dma.o
 .debug_frame   0x00000194      0x984 ..\obj\stm32f1xx_hal_i2c.o
 .debug_frame   0x00000b18       0x58 ..\obj\system_stm32f1xx.o
 .debug_frame   0x00000b70      0x428 ..\obj\stm32f1xx_hal_cortex.o
 .debug_frame   0x00000f98      0x14c ..\obj\stm32f1xx_hal_gpio.o
 .debug_frame   0x000010e4      0x278 ..\obj\stm32f1xx_hal.o
 .debug_frame   0x0000135c      0x10c ..\obj\stm32f1xx_it.o
 .debug_frame   0x00001468       0xb0 ..\obj\main.o
 .debug_frame   0x00001518       0xc4 ..\obj\lcd.o
 .debug_frame   0x000015dc       0x7c ..\obj\stm32f1xx_hal_msp.o
 .debug_frame   0x00001658      0x21c ..\obj\stm32f1xx_hal_rcc.o
 .debug_frame   0x00001874       0x20 c:/program files (x86)/gnu tools arm embedded/5.4 2016q2/bin/../lib/gcc/arm-none-eabi/5.4.1/../../../../arm-none-eabi/lib/armv7-m\libg.a(lib_a-strlen-stub.o)

.debug_ranges   0x00000000       0x20
 .debug_ranges  0x00000000       0x20 ..\obj\startup_stm32f103xb.o
